// Jest Snapshot v1, https://goo.gl/fbAQLP

exports[`App Matches snapshot 1`] = `
<div>
  <div
    class="css-1yjfgfj-App"
  >
    <header
      class="css-r270z7-Header"
    >
      <div
        class="css-1mq611n-Header"
      />
      <div
        class="css-1twly28-Header"
      >
        <img
          alt="ЗЕЛЕНКА"
          class="css-3dul9o-Header"
          src="logo.png"
        />
        <p
          class="css-rdlycs-Header"
        >
          Показываем хирургию и медицину так, чтобы не тошнило
        </p>
      </div>
    </header>
    <div
      class="css-p9n527-SocialMedia"
    >
      <a
        href="https://www.youtube.com/channel/UCIxnXifkJRTPOIe4AQM_fBQ"
        rel="noopener noreferrer"
        target="_blank"
      >
        <img
          alt="YouTube"
          class="css-qlvzh9-SocialMedia"
          src="youtube.png"
          style="margin-right: 5.5em;"
        />
      </a>
      <a
        href="https://www.facebook.com/3elenka.online/"
        rel="noopener noreferrer"
        target="_blank"
      >
        <img
          alt="Facebook"
          class="css-qlvzh9-SocialMedia"
          src="facebook.png"
        />
      </a>
    </div>
    <div
      class="css-k5lcjt-App"
    >
      <img
        alt="Партнерам"
        class="css-e9bp7j-App"
        data-testid="button-partners"
        role="button"
        src="btn-partners.png"
      />
      <img
        alt="Всем"
        class="css-1dk3h66-App"
        data-testid="button-all"
        role="button"
        src="btn-all.png"
      />
    </div>
    <div
      class="ReactCollapse--collapse"
      style="height: auto; overflow: initial;"
    >
      <div
        class="ReactCollapse--content"
      >
        <form
          class="css-13tf4h1-Form"
          data-testid="form-partners"
        >
          <div
            class="css-19lds2-Form"
          >
            Если вы врач, представитель клиники или любой другой компании, связанной с медициной, мы можем сделать очередной выпуск вместе. Заполните анкету, и мы очень скоро свяжемся с вами.
          </div>
          <p
            class="css-zjqj7m-Form"
          >
            * - обязательные поля
          </p>
          <label
            for="field-name"
          >
            <p
              class="css-1xzd690"
            >
              Как вас зовут?
              <span
                class="css-430mmm"
              >
                *
              </span>
            </p>
            <input
              data-testid="field-name"
              id="field-name"
              name="name"
              required=""
              type="text"
              value=""
            />
          </label>
          <label
            for="field-email"
          >
            <p
              class="css-1xzd690"
            >
              Контактный e-mail
              <span
                class="css-430mmm"
              >
                *
              </span>
            </p>
            <input
              data-testid="field-email"
              id="field-email"
              name="email"
              required=""
              type="email"
              value=""
            />
          </label>
          <label
            for="field-phone"
          >
            <p
              class="css-1xzd690"
            >
              Телефон
              <span
                class="css-430mmm"
              >
                *
              </span>
            </p>
            <input
              data-testid="field-phone"
              id="field-phone"
              name="phone"
              required=""
              type="tel"
              value=""
            />
          </label>
          <label
            for="field-workplace"
          >
            <p
              class="css-1xzd690"
            >
              Где вы работаете? Не забудьте адрес сайта.
              <span
                class="css-430mmm"
              >
                *
              </span>
            </p>
            <input
              data-testid="field-workplace"
              id="field-workplace"
              name="workplace"
              required=""
              type="text"
              value=""
            />
          </label>
          <label
            for="field-message"
          >
            <p
              class="css-1xzd690"
            >
              О чем вы хотели бы рассказать в Зелёнке?
              <span
                class="css-430mmm"
              >
                *
              </span>
            </p>
            <textarea
              data-testid="field-message"
              id="field-message"
              name="message"
              required=""
            />
          </label>
          <label
            for="field-money"
          >
            <p
              class="css-1xzd690"
            >
              Сколько денег вы готовы потратить на спонсорский выпуск?
            </p>
            <input
              data-testid="field-money"
              id="field-money"
              name="money"
              type="text"
              value=""
            />
          </label>
          <label
            for="field-startDate"
          >
            <p
              class="css-1xzd690"
            >
              Когда хотите начать?
            </p>
            <input
              data-testid="field-startDate"
              id="field-startDate"
              name="startDate"
              type="text"
              value=""
            />
          </label>
          <input
            data-testid="submit"
            type="submit"
            value="Отправить"
          />
        </form>
      </div>
    </div>
    <div
      class="css-1xdu56b-Video"
    >
      <div
        class="css-fn2lyz"
      >
        <h2>
          Первый выпуск
        </h2>
        <iframe
          allow="autoplay; encrypted-media"
          allowfullscreen=""
          class="css-g1rpge"
          frameborder="0"
          src="https://www.youtube.com/embed/F4iUlW4LpE8"
          title="Первый выпуск"
        />
      </div>
      <div
        class="css-fn2lyz"
      >
        <h2>
          Второй выпуск
        </h2>
        <iframe
          allow="autoplay; encrypted-media"
          allowfullscreen=""
          class="css-g1rpge"
          frameborder="0"
          src="https://www.youtube.com/embed/RFvHCQDeYGE"
          title="Второй выпуск"
        />
      </div>
    </div>
    <div
      class="css-1pietir-Partners"
    >
      <h2>
        Уже работают с нами
      </h2>
      <div
        class="css-1h34w8k"
      >
        <span
          class="css-cz0j02"
        >
          Бар «Петров и  Васечка»
        </span>
        <a
          href="http://piv.pub/"
          rel="noopener noreferrer"
          target="_blank"
        >
          <img
            alt="Бар «Петров и  Васечка»"
            class="css-g4hlvx"
            src="logo-pv.png"
          />
        </a>
      </div>
      <div
        class="css-1h34w8k"
      >
        <span
          class="css-cz0j02"
        >
          Клиника лазерной коррекции зрения «Новый взгляд»
        </span>
        <a
          href="http://www.nlv.ru/"
          rel="noopener noreferrer"
          target="_blank"
        >
          <img
            alt="Клиника лазерной коррекции зрения «Новый взгляд»"
            class="css-g4hlvx"
            src="logo-nlv.png"
          />
        </a>
      </div>
      <div
        class="css-1h34w8k"
      >
        <span
          class="css-cz0j02"
        >
          Материал «Афиша-Daily» о нас
        </span>
        <a
          href="https://daily.afisha.ru/news/20920-vyshel-pervyy-vypusk-bloga-zelenka-tam-rasskazyvayut-o-hirurgii-tak-chtoby-ne-toshnilo/"
          rel="noopener noreferrer"
          target="_blank"
        >
          <img
            alt="Материал «Афиша-Daily» о нас"
            class="css-g4hlvx"
            src="logo-afisha.png"
          />
        </a>
      </div>
    </div>
  </div>
</div>
`;
