// Jest Snapshot v1, https://goo.gl/fbAQLP

exports[`Header Matches snapshot 1`] = `
<div>
  <header
    class="css-r270z7-Header"
  >
    <div
      class="css-1mq611n-Header"
    />
    <div
      class="css-1twly28-Header"
    >
      <img
        alt="ЗЕЛЕНКА"
        class="css-3dul9o-Header"
        src="logo.png"
      />
      <p
        class="css-rdlycs-Header"
      >
        Показываем хирургию и медицину так, чтобы не тошнило
      </p>
    </div>
  </header>
</div>
`;
