// Jest Snapshot v1, https://goo.gl/fbAQLP

exports[`Partners Matches snapshot 1`] = `
<div>
  <div
    class="css-1pietir-Partners"
  >
    <h2>
      Уже работают с нами
    </h2>
    <div
      class="css-jdrnwe"
      role="link"
      tabindex="0"
    >
      <img
        alt="Бар «Петров и  Васечка»"
        class="css-g4hlvx"
        src="logo-pv.png"
      />
      <span
        class="css-1l82jpu"
      >
        Бар «Петров и  Васечка»
      </span>
    </div>
    <div
      class="css-jdrnwe"
      role="link"
      tabindex="0"
    >
      <img
        alt="Клиника лазерной коррекции зрения «Новый взгляд»"
        class="css-g4hlvx"
        src="logo-nlv.png"
      />
      <span
        class="css-1l82jpu"
      >
        Клиника лазерной коррекции зрения «Новый взгляд»
      </span>
    </div>
    <div
      class="css-jdrnwe"
      role="link"
      tabindex="0"
    >
      <img
        alt="Материал «Афиша-Daily» о нас"
        class="css-g4hlvx"
        src="logo-afisha.png"
      />
      <span
        class="css-1l82jpu"
      >
        Материал «Афиша-Daily» о нас
      </span>
    </div>
  </div>
</div>
`;
