// Jest Snapshot v1, https://goo.gl/fbAQLP

exports[`SocialMedia Matches snapshot 1`] = `
<div>
  <div
    class="css-p9n527-SocialMedia"
  >
    <a
      href="https://www.youtube.com/channel/UCIxnXifkJRTPOIe4AQM_fBQ"
      rel="noopener noreferrer"
      tabindex="-1"
      target="_blank"
    >
      <input
        alt="Перейти в Ютьюб"
        class="css-wzoma0-SocialMedia"
        src="youtube.png"
        style="margin-right: 13em;"
        type="image"
      />
    </a>
    <a
      href="https://www.facebook.com/3elenka.online/"
      rel="noopener noreferrer"
      tabindex="-1"
      target="_blank"
    >
      <input
        alt="Перейти в фейсбук"
        class="css-wzoma0-SocialMedia"
        src="facebook.png"
        type="image"
      />
    </a>
  </div>
</div>
`;
