// Jest Snapshot v1, https://goo.gl/fbAQLP

exports[`SocialMedia Matches snapshot 1`] = `
<div>
  <div
    class="css-p9n527-SocialMedia"
  >
    <a
      href="https://www.youtube.com/channel/UCIxnXifkJRTPOIe4AQM_fBQ"
      rel="noopener noreferrer"
      target="_blank"
    >
      <img
        alt="YouTube"
        class="css-qlvzh9-SocialMedia"
        src="youtube.png"
        style="margin-right: 5.5em;"
      />
    </a>
    <a
      href="https://www.facebook.com/3elenka.online/"
      rel="noopener noreferrer"
      target="_blank"
    >
      <img
        alt="Facebook"
        class="css-qlvzh9-SocialMedia"
        src="facebook.png"
      />
    </a>
  </div>
</div>
`;
